Relatório de 01/05/24 até 06/05/24
Receitas:
    Categoria: Salário
        Subcategoria: Principal
            01/05/24 | Jojima | 20.0
            02/05/24 | Tutu | 28000.0
        Subcategoria: IC
            06/05/24 | Tutu | 1000.0

Despesas:
    Categoria: Alimentação
        Subcategoria: Essencial
            04/05/24 | Jojima | 591.05
            05/05/24 | Tutu | 7649.8
        Subcategoria: Secundário

Saldo: 20779.15
