Relatório de 01/05/24 até 06/05/24
Receitas: 29020.0
Despesas: 8240.85
Total: 20779.15
