Relatório de 01/05/24 até 06/05/24
Receitas: 85709.0
Despesas: 9500.210000000001
Total: 76208.79
