Relatório de 01/05/24 até 06/05/24
Receitas: 79020.0
Despesas: 8536.85
Total: 70483.15